
Attaching package: ‘neurotransform’

The following object is masked from ‘package:base’:

    transform

       10.57 real         7.50 user         0.44 sys
          1008910336  maximum resident set size
                   0  average shared memory size
                   0  average unshared data size
                   0  average unshared stack size
              110583  page reclaims
                  31  page faults
                   0  swaps
                   0  block input operations
                   0  block output operations
                   0  messages sent
                   0  messages received
                   0  signals received
                 147  voluntary context switches
                8883  involuntary context switches
         77992396559  instructions retired
         27829268641  cycles elapsed
           441176512  peak memory footprint
