
Attaching package: ‘neurotransform’

The following object is masked from ‘package:base’:

    transform

       24.01 real         6.52 user         0.73 sys
           423297024  maximum resident set size
                   0  average shared memory size
                   0  average unshared data size
                   0  average unshared stack size
              176195  page reclaims
                  31  page faults
                   0  swaps
                   0  block input operations
                   0  block output operations
                   0  messages sent
                   0  messages received
                   0  signals received
                 101  voluntary context switches
               30870  involuntary context switches
         57936071825  instructions retired
         24183117117  cycles elapsed
           377835328  peak memory footprint
