
Attaching package: ‘neurotransform’

The following object is masked from ‘package:base’:

    transform

       21.39 real         8.64 user         0.67 sys
           657915904  maximum resident set size
                   0  average shared memory size
                   0  average unshared data size
                   0  average unshared stack size
              181711  page reclaims
                  44  page faults
                   0  swaps
                   0  block input operations
                   0  block output operations
                   0  messages sent
                   0  messages received
                   0  signals received
                 132  voluntary context switches
               23504  involuntary context switches
         84482474584  instructions retired
         31920633244  cycles elapsed
           581783808  peak memory footprint
