
Attaching package: ‘neurotransform’

The following object is masked from ‘package:base’:

    transform

        6.31 real         3.69 user         0.20 sys
           617857024  maximum resident set size
                   0  average shared memory size
                   0  average unshared data size
                   0  average unshared stack size
               45816  page reclaims
                  35  page faults
                   0  swaps
                   0  block input operations
                   0  block output operations
                   0  messages sent
                   0  messages received
                   0  signals received
                  16  voluntary context switches
                8641  involuntary context switches
         27447315931  instructions retired
         13055478007  cycles elapsed
           299748480  peak memory footprint
