
Attaching package: ‘neurotransform’

The following object is masked from ‘package:base’:

    transform

       13.19 real         5.98 user         0.44 sys
           712359936  maximum resident set size
                   0  average shared memory size
                   0  average unshared data size
                   0  average unshared stack size
              100539  page reclaims
                  37  page faults
                   0  swaps
                   0  block input operations
                   0  block output operations
                   0  messages sent
                   0  messages received
                   0  signals received
                  84  voluntary context switches
               12359  involuntary context switches
         57295569083  instructions retired
         22053177644  cycles elapsed
           355192768  peak memory footprint
