ℹ Loading neurotransform
Creating a new generic function for ‘transform’ in package ‘neurotransform’
Creating a generic function for ‘det’ from package ‘base’ in package ‘neurotransform’
Writing 'cpp_barycentric_sample.Rd'
Writing 'surface_sampler.Rd'
ℹ Testing neurotransform
Creating a new generic function for ‘transform’ in package ‘neurotransform’
Creating a generic function for ‘det’ from package ‘base’ in package ‘neurotransform’
barycentric_geometry: .......................................................................
barycentric_workbench: .............
coverage_sampler: ...............................................
resampling_plan: .............
sampler_construction: ..............................................................
sampling: .......
surf_to_surf: ...
surface_geometry_compat: .....
surface_resampling_plan: .....
surface_sampler_geometry: .............

══ DONE ════════════════════════════════════════════════════════════════════════
Warning message:
package ‘testthat’ was built under R version 4.5.2 
