
Attaching package: ‘neurotransform’

The following object is masked from ‘package:base’:

    transform

        6.71 real         4.44 user         0.20 sys
           516521984  maximum resident set size
                   0  average shared memory size
                   0  average unshared data size
                   0  average unshared stack size
               46911  page reclaims
                  32  page faults
                   0  swaps
                   0  block input operations
                   0  block output operations
                   0  messages sent
                   0  messages received
                   0  signals received
                  11  voluntary context switches
                8023  involuntary context switches
         35971847774  instructions retired
         16042885687  cycles elapsed
           296602688  peak memory footprint
