
Attaching package: ‘neurotransform’

The following object is masked from ‘package:base’:

    transform

       15.71 real         6.31 user         0.47 sys
          1006403584  maximum resident set size
                   0  average shared memory size
                   0  average unshared data size
                   0  average unshared stack size
              117598  page reclaims
                  52  page faults
                   0  swaps
                   0  block input operations
                   0  block output operations
                   0  messages sent
                   0  messages received
                   0  signals received
                 176  voluntary context switches
               15006  involuntary context switches
         59327754400  instructions retired
         22893094492  cycles elapsed
           394006272  peak memory footprint
