
Attaching package: ‘neurotransform’

The following object is masked from ‘package:base’:

    transform

       11.28 real         5.62 user         0.31 sys
          1115652096  maximum resident set size
                   0  average shared memory size
                   0  average unshared data size
                   0  average unshared stack size
               71785  page reclaims
                  24  page faults
                   0  swaps
                   0  block input operations
                   0  block output operations
                   0  messages sent
                   0  messages received
                   0  signals received
                   7  voluntary context switches
                5866  involuntary context switches
         55144908843  instructions retired
         20737565153  cycles elapsed
           309726848  peak memory footprint
