
Attaching package: ‘neurotransform’

The following object is masked from ‘package:base’:

    transform

       17.03 real         8.45 user         0.68 sys
           674562048  maximum resident set size
                   0  average shared memory size
                   0  average unshared data size
                   0  average unshared stack size
              165906  page reclaims
                  42  page faults
                   0  swaps
                   0  block input operations
                   0  block output operations
                   0  messages sent
                   0  messages received
                   0  signals received
                  59  voluntary context switches
               28512  involuntary context switches
         78464792232  instructions retired
         30929101725  cycles elapsed
           490082048  peak memory footprint
