
Attaching package: ‘neurotransform’

The following object is masked from ‘package:base’:

    transform

        3.84 real         3.53 user         0.17 sys
           652640256  maximum resident set size
                   0  average shared memory size
                   0  average unshared data size
                   0  average unshared stack size
               42440  page reclaims
                  19  page faults
                   0  swaps
                   0  block input operations
                   0  block output operations
                   0  messages sent
                   0  messages received
                   0  signals received
                  12  voluntary context switches
                4807  involuntary context switches
         32333469814  instructions retired
         13067185786  cycles elapsed
           282233920  peak memory footprint
