
Attaching package: ‘neurotransform’

The following object is masked from ‘package:base’:

    transform

       12.36 real         8.17 user         0.48 sys
          1205223424  maximum resident set size
                   0  average shared memory size
                   0  average unshared data size
                   0  average unshared stack size
              125468  page reclaims
                  24  page faults
                   0  swaps
                   0  block input operations
                   0  block output operations
                   0  messages sent
                   0  messages received
                   0  signals received
                 174  voluntary context switches
               12194  involuntary context switches
         84038125536  instructions retired
         30277961158  cycles elapsed
           483955456  peak memory footprint
