
Attaching package: ‘neurotransform’

The following object is masked from ‘package:base’:

    transform

        9.03 real         5.87 user         0.39 sys
           828063744  maximum resident set size
                   0  average shared memory size
                   0  average unshared data size
                   0  average unshared stack size
               75982  page reclaims
                  27  page faults
                   0  swaps
                   0  block input operations
                   0  block output operations
                   0  messages sent
                   0  messages received
                   0  signals received
                   6  voluntary context switches
                9775  involuntary context switches
         55177743809  instructions retired
         21682678168  cycles elapsed
           354127808  peak memory footprint
