
Attaching package: ‘neurotransform’

The following object is masked from ‘package:base’:

    transform

        5.89 real         3.33 user         0.16 sys
           644431872  maximum resident set size
                   0  average shared memory size
                   0  average unshared data size
                   0  average unshared stack size
               41387  page reclaims
                  68  page faults
                   0  swaps
                   0  block input operations
                   0  block output operations
                   0  messages sent
                   0  messages received
                   0  signals received
                 243  voluntary context switches
                3388  involuntary context switches
         27407243920  instructions retired
         12085196221  cycles elapsed
           298896512  peak memory footprint
