
Attaching package: ‘neurotransform’

The following object is masked from ‘package:base’:

    transform

       10.52 real         6.53 user         0.59 sys
           601636864  maximum resident set size
                   0  average shared memory size
                   0  average unshared data size
                   0  average unshared stack size
              129449  page reclaims
                  63  page faults
                   0  swaps
                   0  block input operations
                   0  block output operations
                   0  messages sent
                   0  messages received
                   0  signals received
                  76  voluntary context switches
               27306  involuntary context switches
         59485017113  instructions retired
         24212028145  cycles elapsed
           378851008  peak memory footprint
