
Attaching package: ‘neurotransform’

The following object is masked from ‘package:base’:

    transform

       13.99 real         8.54 user         0.74 sys
          1026523136  maximum resident set size
                   0  average shared memory size
                   0  average unshared data size
                   0  average unshared stack size
              144540  page reclaims
                  77  page faults
                   0  swaps
                   0  block input operations
                   0  block output operations
                   0  messages sent
                   0  messages received
                   0  signals received
                 318  voluntary context switches
               33916  involuntary context switches
         78590108967  instructions retired
         31323859085  cycles elapsed
           483249984  peak memory footprint
