          used (Mb) gc trigger (Mb) limit (Mb) max used (Mb)
Ncells  473290 25.3     991625 53.0         NA   721262 38.6
Vcells 4691919 35.8   10146329 77.5      36864  8388295 64.0

Attaching package: ‘neurotransform’

The following object is masked from ‘package:base’:

    transform

        2.74 real         1.15 user         0.13 sys
           532873216  maximum resident set size
                   0  average shared memory size
                   0  average unshared data size
                   0  average unshared stack size
               34987  page reclaims
                  58  page faults
                   0  swaps
                   0  block input operations
                   0  block output operations
                   0  messages sent
                   0  messages received
                   0  signals received
                 300  voluntary context switches
                2345  involuntary context switches
         11095797595  instructions retired
          4119043297  cycles elapsed
           217549696  peak memory footprint
