
Attaching package: ‘neurotransform’

The following object is masked from ‘package:base’:

    transform

       13.84 real         8.15 user         0.52 sys
          1177124864  maximum resident set size
                   0  average shared memory size
                   0  average unshared data size
                   0  average unshared stack size
              125076  page reclaims
                  22  page faults
                   0  swaps
                   0  block input operations
                   0  block output operations
                   0  messages sent
                   0  messages received
                   0  signals received
                 123  voluntary context switches
               15797  involuntary context switches
         78292941870  instructions retired
         30099447091  cycles elapsed
           424038400  peak memory footprint
