
Attaching package: ‘neurotransform’

The following object is masked from ‘package:base’:

    transform

       19.94 real         9.18 user         0.71 sys
           613187584  maximum resident set size
                   0  average shared memory size
                   0  average unshared data size
                   0  average unshared stack size
              168095  page reclaims
                  52  page faults
                   0  swaps
                   0  block input operations
                   0  block output operations
                   0  messages sent
                   0  messages received
                   0  signals received
                  81  voluntary context switches
               30598  involuntary context switches
         84432426745  instructions retired
         33611046746  cycles elapsed
           581112000  peak memory footprint
