
Attaching package: ‘neurotransform’

The following object is masked from ‘package:base’:

    transform

        5.65 real         4.28 user         0.15 sys
           650379264  maximum resident set size
                   0  average shared memory size
                   0  average unshared data size
                   0  average unshared stack size
               42320  page reclaims
                  20  page faults
                   0  swaps
                   0  block input operations
                   0  block output operations
                   0  messages sent
                   0  messages received
                   0  signals received
                  63  voluntary context switches
                5787  involuntary context switches
         35887840827  instructions retired
         15397703694  cycles elapsed
           260476032  peak memory footprint
