
Attaching package: ‘neurotransform’

The following object is masked from ‘package:base’:

    transform

       25.60 real         6.24 user         0.56 sys
           547045376  maximum resident set size
                   0  average shared memory size
                   0  average unshared data size
                   0  average unshared stack size
              152660  page reclaims
                  24  page faults
                   0  swaps
                   0  block input operations
                   0  block output operations
                   0  messages sent
                   0  messages received
                   0  signals received
                 132  voluntary context switches
               16537  involuntary context switches
         59620231731  instructions retired
         23256449471  cycles elapsed
           402952128  peak memory footprint
